// Vitest Snapshot v1, https://vitest.dev/guide/snapshot.html

exports[`NotFound Component > matches snapshot 1`] = `
<div>
  <div
    class="_notFoundContainer_e048d4"
  >
    <h1
      class="_title_e048d4"
    >
      404 Page Not Found
    </h1>
    <p
      class="_message_e048d4"
    >
      Sorry, this page not exist.
    </p>
    <button
      class="_backButton_e048d4"
    >
      Back to Pokemons
    </button>
  </div>
</div>
`;
